<div class="accordion mt-3 mb-3" id="id4711">
    <div class="card">
        <div class="card-header" id="id4711_heading_0">
            <h5 class="mb-0">
                <button class="btn btn-link" type="button" data-toggle="collapse" data-target="#id4711_collapse_0" aria-expanded="true" aria-controls="id4711_collapse_0">
                    Header 1
                </button>
            </h5>
        </div>
        <div id="id4711_collapse_0" class="collapse show" aria-labelledby="id4711_heading_0" data-parent="#id4711">
            <div class="card-body">
                <div class="accordion mt-3 mb-3" id="id4712">
                    <div class="card">
                        <div class="card-header" id="id4712_heading_0">
                            <h5 class="mb-0">
                                <button class="btn btn-link" type="button" data-toggle="collapse" data-target="#id4712_collapse_0" aria-expanded="true" aria-controls="id4712_collapse_0">
                                    header 1.1
                                </button>
                            </h5>
                        </div>
                        <div id="id4712_collapse_0" class="collapse" aria-labelledby="id4712_heading_0" data-parent="#id4712">
                            <div class="card-body">
                                <div class="row" style="margin-bottom: 1.0em; margin-top: 1.0em">
                                    <div class="col-xs-12 col-sm-5 col-md-5 col-lg-5">
                                        <img src="service/v1/mediaImg/picture_one.png" class="img-fluid" style="width: 100%" alt="picture one">
                                    </div>
                                    <div class="col-xs-12 col-sm-7 col-md-7 col-lg-7">
                                        <p>Some text, part of img-text</p>
                                    </div>
                                </div>
                            </div>
                        </div>
                    </div>
                    <div class="card">
                        <div class="card-header" id="id4712_heading_1">
                            <h5 class="mb-0">
                                <button class="btn btn-link" type="button" data-toggle="collapse" data-target="#id4712_collapse_1" aria-expanded="true" aria-controls="id4712_collapse_1">
                                    header 1.2
                                </button>
                            </h5>
                        </div>
                        <div id="id4712_collapse_1" class="collapse" aria-labelledby="id4712_heading_1" data-parent="#id4712">
                            <div class="card-body">
                                    some further text
                            </div>
                        </div>
                    </div>
                </div>
            </div>
        </div>
    </div>
    <div class="card">
        <div class="card-header" id="id4711_heading_1">
            <h5 class="mb-0">
                <button class="btn btn-link" type="button" data-toggle="collapse" data-target="#id4711_collapse_1" aria-expanded="true" aria-controls="id4711_collapse_1">
                    Header 2
                </button>
            </h5>
        </div>
        <div id="id4711_collapse_1" class="collapse" aria-labelledby="id4711_heading_1" data-parent="#id4711">
            <div class="card-body">
                <p class="h1 mt-4 mb-4">Content Card 2</p>
                <ul class="mb-2">
                    <li>erster Punkt</li>
                    <li>zweiter Punkt</li>
                </ul>
            </div>
        </div>
    </div>
    <div class="card">
        <div class="card-header" id="id4711_heading_2">
            <h5 class="mb-0">
                <button class="btn btn-link" type="button" data-toggle="collapse" data-target="#id4711_collapse_2" aria-expanded="true" aria-controls="id4711_collapse_2">
                    Header 3
                </button>
            </h5>
        </div>
        <div id="id4711_collapse_2" class="collapse" aria-labelledby="id4711_heading_2" data-parent="#id4711">
            <div class="card-body">
                <p>Hier ein Pragraph mit <em>kursivem</em> Inhalt
                und <strong>fett</strong></p>
            </div>
        </div>
    </div>
</div>