<table class="table">
    <tbody>
        <tr>
            <td>C1R1</td>
            <td class="text-center">C2R1</td>
            <td class="text-right">C3R1</td>
        </tr>
        <tr>
            <td>C1R2</td>
            <td class="text-center">C2R2</td>
            <td class="text-right">C3R2</td>
        </tr>
    </tbody>
</table>
