<div id="input_myId" class="mb-2 ns_radiogroup">
    <div>This is a headline</div>
    <div class="form-check form-check-inline">
        <input class="form-check-input" type="radio" name="myName" id="input_myId_1" value="1">
        <label class="form-check-label" for="input_myId_1">Label1</label>
    </div>
    <div class="form-check form-check-inline">
        <input class="form-check-input" type="radio" name="myName" id="input_myId_2" value="2">
        <label class="form-check-label" for="input_myId_2">Label3</label>
    </div>
    <div class="form-check form-check-inline">
        <input class="form-check-input" type="radio" name="myName" id="input_myId_3" value="3">
        <label class="form-check-label" for="input_myId_3">Label2</label>
    </div>
</div>