<div class="mt-3 mb-3" id="id4711">
    <p>
        <button class="btn btn-primary" type="button" data-toggle="collapse" data-target="#id4711_collapse_0" aria-expanded="false" aria-controls="id4711_collapse_0">
            Header 1
        </button>
        <button class="btn btn-primary" type="button" data-toggle="collapse" data-target="#id4711_collapse_1" aria-expanded="false" aria-controls="id4711_collapse_1">
            Header 2
        </button>
        <button class="btn btn-primary" type="button" data-toggle="collapse" data-target="#id4711_collapse_2" aria-expanded="false" aria-controls="id4711_collapse_2">
            Header 3
        </button>
    </p>
    <div class="collapse show" id="id4711_collapse_0" data-parent="#id4711">
        <div class="card card-body">
            <div class="row" style="margin-bottom: 1.0em; margin-top: 1.0em">
                <div class="col-xs-12 col-sm-5 col-md-5 col-lg-5">
                    <img src="service/v1/mediaImg/picture_one.png" class="img-fluid" style="width: 100%" alt="picture one">
                </div>
                <div class="col-xs-12 col-sm-7 col-md-7 col-lg-7">
                    <p>Some text, part of img-text</p>
                </div>
            </div>
            <p>some further text, not part of img-text</p>
        </div>
    </div>
    <div class="collapse" id="id4711_collapse_1" data-parent="#id4711">
        <div class="card card-body">
            <p class="h1 mt-4 mb-4">Content Card 2</p>
            <ul class="mb-2">
                <li>erster Punkt</li>
                <li>zweiter Punkt</li>
            </ul>
        </div>
    </div>
    <div class="collapse" id="id4711_collapse_2" data-parent="#id4711">
        <div class="card card-body">
            <p>Hier ein Pragraph mit <em>kursivem</em> Inhalt
            und <strong>fett</strong></p>
        </div>
    </div>
</div>