<div class="mt-3 mb-3" id="id4711">
    <p>
        <button class="btn btn-primary" type="button" data-toggle="collapse" data-target="#id4711_collapse_0" aria-expanded="false" aria-controls="id4711_collapse_0">
            One
        </button>
        <button class="btn btn-primary" type="button" data-toggle="collapse" data-target="#id4711_collapse_1" aria-expanded="false" aria-controls="id4711_collapse_1">
            Two
        </button>
    </p>
    <div class="collapse" id="id4711_collapse_0" data-parent="#id4711">
        <div class="card card-body">
            Here some content
        </div>
    </div>
    <div class="collapse" id="id4711_collapse_1" data-parent="#id4711">
        <div class="card card-body">
            <p class="h1 mt-4 mb-4">Here some complex content</p>
            <p>Text with <em>italic</em> and <strong>bold</strong> content.</p>
        </div>
    </div>
</div>