<!--
@@name=AutoTest1
@@persistent
-->

<p class="h3 mt-4 mb-4">Header 1</p>
<p>Lorem ipsum dolor sit amet, consetetur sadipscing elitr, sed diam nonumy eirmod tempor invidunt ut labore et dolore magna aliquyam erat, sed diam voluptua. At vero eos et accusam et justo duo dolores et ea rebum. Stet clita kasd gubergren, no sea takimata sanctus est Lorem ipsum dolor sit amet. Lorem ipsum dolor sit amet, consetetur sadipscing elitr, sed diam nonumy eirmod tempor invidunt ut labore et dolore magna aliquyam erat, sed diam voluptua. At vero eos et accusam et justo duo dolores et ea rebum. Stet clita kasd gubergren, no sea takimata sanctus est Lorem ipsum dolor sit amet.</p>
<div class="alert alert-info mb-4">
    <div style="display: table; width: 100%">
        <div style="display: table-cell; width: 24px; background-image: url(service/v1/mediaImg/info.png); background-repeat: no-repeat; background-position: center center; background-size: contain; width: 24px; height: 24px;"></div>
        <div style="display: table-cell; width: 18px;"></div>
        <div style="display: table-cell;" class="h3">Alert Text ...</div>
    </div>
</div>
<p>Sed ut perspiciatis unde omnis iste natus error sit voluptatem accusantium doloremque laudantium.</p>